// Jest Snapshot v1, https://goo.gl/fbAQLP

exports[`MovieInfo MovieInfo Component should match the snapshot and show favorite button if a user exists 1`] = `
<div>
  Loading
</div>
`;

exports[`MovieInfo MovieInfo Component should match the snapshot if there is a currentMovie 1`] = `
<div>
  Loading
</div>
`;
